<testsuites id="" name="" tests="1" failures="0" skipped="0" errors="0" time="8.059077000000514">
<testsuite name="tests\FrontEnd.spec.ts" timestamp="2026-05-12T10:53:09.704Z" hostname="chromium" tests="1" failures="0" skipped="0" time="4.334" errors="0">
<testcase name="Login › Logout" classname="tests\FrontEnd.spec.ts" time="4.334">
</testcase>
</testsuite>
</testsuites>